GLIBC_2.0 {
  global:
	__moddi3;
	__umoddi3;
	__divdi3;
	__udivdi3;

  local:
	*;
};
GCC_3.0 {
  global:
	__eqsf2;
	_Unwind_GetTextRelBase;
	__addvdi3;
	__fixunssfdi;
	__floatsidf;
	__negvsi2;
	__fixsfsi;
	__gtsf2;
	__ltsf2;
	_Unwind_GetDataRelBase;
	__divsf3;
	__nedf2;
	__ffsdi2;
	__divsi3;
	_Unwind_GetRegionStart;
	__fixunssfsi;
	__negsf2;
	__floatsisf;
	_Unwind_Resume;
	__muldf3;
	__adddf3;
	__muldi3;
	__subvdi3;
	__fixdfdi;
	__subsf3;
	__absvsi2;
	__ashrdi3;
	__extendsfdf2;
	_Unwind_ForcedUnwind;
	__fixunsdfdi;
	__udivsi3;
	__floatdidf;
	__mulvdi3;
	__fixdfsi;
	__gesf2;
	__lesf2;
	__eqdf2;
	__ashldi3;
	_Unwind_RaiseException;
	_Unwind_GetLanguageSpecificData;
	__addvsi3;
	__fixunsdfsi;
	__floatdisf;
	__negvdi2;
	__gtdf2;
	__ltdf2;
	__cmpdi2;
	__divdf3;
	__clear_cache;
	__nesf2;
	__lshrdi3;
	__modsi3;
	__negdf2;
	__negdi2;
	__mulsf3;
	__addsf3;
	__subvsi3;
	__subdf3;
	__absvdi2;
	__ucmpdi2;
	__umodsi3;
	__truncdfsf2;
	__mulvsi3;
	__fixsfdi;
	_Unwind_DeleteException;
	__udivmoddi4;
	__gedf2;
	__ledf2;
} GLIBC_2.0;
GCC_3.3 {
  global:
	_Unwind_GetCFA;
	_Unwind_Resume_or_Rethrow;
} GCC_3.0;
GCC_3.3.1 {
  global:
	__gcc_personality_v0;
} GCC_3.3;
GCC_3.3.4 {
  global:
	__unordsf2;
	__unorddf2;
} GCC_3.3.1;
GCC_3.4 {
  global:
	__paritysi2;
	__clzdi2;
	__popcountdi2;
	__ctzsi2;
	__paritydi2;
	__clzsi2;
	__popcountsi2;
	__ctzdi2;
} GCC_3.3.4;
GCC_3.4.2 {
  global:
	__enable_execute_stack;
} GCC_3.4;
GCC_4.0.0 {
  global:
	__divsc3;
	__muldc3;
	__powisf2;
	__divdc3;
	__mulsc3;
	__powidf2;
} GCC_3.4.2;
GCC_4.2.0 {
  global:
	__floatunsidf;
	__floatunsisf;
	__floatundidf;
	__floatundisf;
} GCC_4.0.0;
GCC_4.3.0 {
  global:
	__fractunsusqhi;
	__usnegudq2;
	__usdivudq3;
	__fractunsdiusa;
	__satfracthiuha;
	__fractsaudq;
	__fracthiuqq;
	__satfractunsqida;
	__satfractusasa;
	__fractunssiusa;
	__fractunsdiusq;
	__fractudqusq2;
	__satfracthiuhq;
	__satfractunsqidq;
	__fracthiha;
	__satfractusasq;
	__ssashlha3;
	__fractunssiusq;
	__fracthihq;
	__fractunssqhi;
	__fractsahi;
	__satfractunsdiha;
	__satfractuqquha;
	__fracthiusa;
	__fractsahq;
	__satfractudqda;
	__ussubuha3;
	__satfractunsdihq;
	__fracthiusq;
	__satfractudqdq;
	__fractdauha;
	__adduhq3;
	__fractsauha;
	__fractdauhq;
	__satfractdquda;
	__fractsauhq;
	__satfractunsqiha;
	__satfractuqqda;
	__satfractsquda;
	__satfractdqudq;
	__usneguha2;
	__fractdaha2;
	__usdivuha3;
	__neghq2;
	__satfractunsqihq;
	__satfractdqsa;
	__satfractuqqdq;
	__satfractsqudq;
	__fractsaha2;
	__satfractsqdq2;
	__satfractqqhq2;
	__fractudqqi;
	__fractunsdiqq;
	__usmuluhq3;
	__satfractudqha;
	__fractudqqq;
	__satfractudqusq2;
	__ashludq3;
	__satfractudqhq;
	__lshrudq3;
	__fractunsdisa;
	__fractudqsa;
	__satfractqqsa;
	__fractudqsf;
	__fractudqsi;
	__fractunsdisq;
	__fractudqsq;
	__cmpsa2;
	__satfractdquha;
	__fractdquqq;
	__fractuqqqi;
	__fractunsqiqq;
	__satfractuqqha;
	__fractuqqqq;
	__satfractsquha;
	__subudq3;
	__fractsquqq;
	__satfractdquhq;
	__satfractdauda;
	__fractunsusqqi;
	__satfractuqqhq;
	__satfractsquhq;
	__fractusauha2;
	__satfractsauda;
	__muluda3;
	__satfractdaudq;
	__fractdqusa;
	__satfractsaudq;
	__satfracthiuqq;
	__fractunsqisa;
	__fractuqqsa;
	__ashlsq3;
	__fractsqusa;
	__fractdqusq;
	__fractuqqsf;
	__fractuqqsi;
	__ssmulhq3;
	__fracthiqq;
	__ssaddhq3;
	__satfractdadq;
	__fractunssqqi;
	__fractunsqisq;
	__fractsaqi;
	__fractuqqsq;
	__fractsqusq;
	__fractsaqq;
	__fractunsusqsi;
	__ashluha3;
	__satfractunsdiqq;
	__satfracthiusa;
	__satfracthiusq;
	__fracthisa;
	__lshruha3;
	_Unwind_Backtrace;
	__fracthisq;
	__fractsasf;
	__fractunssqsi;
	__fractudada;
	__fractsasi;
	__satfractunsdisa;
	__fractudadf;
	__satfractuqqusa;
	__fractudadi;
	__satfractdauha;
	__fractsasq;
	__fractdauqq;
	__fractudadq;
	__satfractunsdisq;
	__satfractsauha;
	__fractsauqq;
	__satfractdauhq;
	__subuha3;
	__fractdqda;
	__satfractsauhq;
	__satfractunsqiqq;
	__fractdqdf;
	__fractdqdi;
	__satfractdaha2;
	__fractdausa;
	__satfracthqda;
	__satfractdahq;
	__satfractusauha2;
	__satfractsaha2;
	__fractsausa;
	__fractdausq;
	__satfractsida;
	__divsa3;
	__fractsausq;
	__satfractunsqisa;
	__muluqq3;
	__satfractudqqq;
	__satfractsidq;
	__ssdivda3;
	__usashluhq3;
	__subhq3;
	__satfractunsqisq;
	__fractunsusadi;
	__fractdqhq2;
	__fractqqda;
	__fractsqhq2;
	__fractudaha;
	__fractqqdf;
	__fractqqdi;
	__fractudahi;
	__satfractudqsa;
	__fractunshida;
	__ssashlhq3;
	__fractuhqda;
	__fractudahq;
	__fractuhqdf;
	__fractuhqdi;
	__satfractudqsq;
	__fractunshidq;
	__fractuqquda;
	__fractuhqdq;
	__cmpuda2;
	__fractunssadi;
	__satfractdquqq;
	__fractdqha;
	__satfractudquda;
	__fractdqhi;
	__satfractuqqqq;
	__ussubuhq3;
	__satfractsquqq;
	__satfractusquda;
	__satfracthqha;
	__fractuhauda2;
	__satfractsiha;
	__addusa3;
	__satfractdqusa;
	__satfractsihq;
	__satfractunsqiuda;
	__satfractuqqsa;
	__satfractsqusa;
	__satfractdqusq;
	__satfractunsqiudq;
	__fractunsusahi;
	__satfractuqqsq;
	__negsa2;
	__satfractsqusq;
	__fractqqha;
	__ssnegda2;
	__usneguhq2;
	__fractqqhi;
	__usdivuhq3;
	__fractunshiha;
	__fractuhqha;
	__usmulusa3;
	__fractuhqhi;
	__udivuda3;
	__fractunshihq;
	__fractuqquha;
	__fractuhqhq;
	__ssdivqq3;
	__fractunssahi;
	__satfractudquha;
	__satfractudada;
	__satfractunshida;
	__satfractdauqq;
	__satfractusquha;
	__satfractudadq;
	__satfractsauqq;
	__satfractunshidq;
	__satfractudaudq;
	__satfractunsqiuha;
	__satfractdaqq;
	__satfractusaudq;
	__cmpuqq2;
	__satfractdausa;
	__satfractunsqiuhq;
	__cmpsq2;
	__satfractuhauda2;
	__neguda2;
	__mulda3;
	__addda3;
	__satfractsausa;
	__satfractdausq;
	__satfractsausq;
	__satfractsfda;
	__muludq3;
	__fracthada2;
	__fractudausa2;
	__satfractdasq;
	__satfractdqhq2;
	__satfractsfdq;
	__ssmulsa3;
	__ssaddsa3;
	__fractudaqi;
	__satfractsqhq2;
	__satfractudaha;
	__fractudaqq;
	__satfractunshiha;
	__satfractuhqda;
	__satfractudahq;
	__fractunshiuda;
	__ssnegqq2;
	__fracthqqq2;
	__satfractunshihq;
	__ashluhq3;
	__fractdqqi;
	__satfractuhqdq;
	__satfractudauhq;
	__fractunshiudq;
	__fractqqsq2;
	__udivuqq3;
	__fractudasa;
	__satfractusauhq;
	__fractudasf;
	__fractudasi;
	__lshruhq3;
	__fractudasq;
	__fractqiuda;
	__satfractsiqq;
	__fractdqsa;
	__fractqiudq;
	__fractdqsf;
	__fractunsusaqi;
	__fractdqsi;
	__satfractsfha;
	__subuhq3;
	__satfracthqsa;
	__satfractsfhq;
	__fractqqqi;
	__usadduda3;
	__satfractsisa;
	__muluha3;
	__neguqq2;
	__mulqq3;
	__fractuhqqi;
	__addqq3;
	__satfractsisq;
	__fractunshiqq;
	__emutls_register_common;
	__satfractuhqha;
	__fractuhqqq;
	__fractunshiuha;
	__ashrda3;
	__fractunssaqi;
	__satfractudausa2;
	__divsq3;
	__usashlusa3;
	__subsa3;
	__fractunsusasi;
	__satfractuhqhq;
	__fractunshiuhq;
	__fractqqsa;
	__ssdivdq3;
	__sssubda3;
	__fractqqsf;
	__fractqqsi;
	__fractunshisa;
	__fractuhqsa;
	__fractuhqsf;
	__fractuhqsi;
	__ssashlsa3;
	__fractqiuha;
	__fractunsudqdi;
	__fractunshisq;
	__fractuqqusa;
	__fractuhqsq;
	__fractunssasi;
	__fractqiuhq;
	__satfractudqusa;
	__satfractunsqiuqq;
	__satfractusqusa;
	__ussubusa3;
	__cmpudq2;
	__fractdadf;
	__fractunsdqdi;
	__fractdadi;
	__fractdadq;
	__satfractunsqiusa;
	__satfracthada2;
	__satfractunsqiusq;
	__addusq3;
	__satfracthadq;
	__fractunsuqqdi;
	__satfractudaqq;
	__satfractunshiqq;
	__usnegusa2;
	__usadduqq3;
	__fractdasa2;
	__usdivusa3;
	__fracthquda;
	__satfractudauqq;
	__negsq2;
	__ssdivha3;
	__satfracthqqq2;
	__fractunsudqhi;
	__satfractusauqq;
	__fracthqudq;
	__satfractqqsq2;
	__ssnegdq2;
	__fracthqdq2;
	__ashrqq3;
	__fractunsqqdi;
	__satfractudasa;
	__fractuhada;
	__usmulusq3;
	__satfractunshisa;
	__fractuhadf;
	__udivudq3;
	__fractuhadi;
	__satfractudasq;
	__sssubqq3;
	__fractuhadq;
	__fractudquda;
	__satfractunshisq;
	__satfractqiuda;
	__satfractudausq;
	__fractunsdqhi;
	__fractdahi;
	__fractusquda;
	__cmpuha2;
	__satfractqiudq;
	__fracthqda;
	__fractdahq;
	__satfractusausq;
	__fracthqdf;
	__satfractsfqq;
	__fracthqdi;
	__fractsida;
	__satfracthahq;
	__fractunsuqqhi;
	__fractsidq;
	__satfractunsdiuda;
	__satfractuhqqq;
	__fracthquha;
	__negudq2;
	__fractunshiuqq;
	__satfractsfsa;
	__satfractunssiuda;
	__muldq3;
	__satfractunsdiudq;
	__adddq3;
	__fracthquhq;
	__satfractsfsq;
	__satfractunssiudq;
	__fracthauda;
	__fractunsqqhi;
	__fractuhaha;
	__fracthaudq;
	__ssnegha2;
	__fractuhahi;
	__satfractuhqsa;
	__fractunshiusa;
	__ssmulsq3;
	__fractuhahq;
	__fractudquha;
	__ssaddsq3;
	__satfractqiuha;
	__fractqiuqq;
	__fractudquqq2;
	__satfractuhqsq;
	__fractunshiusq;
	__udivuha3;
	__fractusquha;
	__ashlusa3;
	__satfractqiuhq;
	__fracthqha;
	__fracthqhi;
	__fractsiha;
	__fractudaudq;
	__lshrusa3;
	__fractusaudq;
	__fractqiusa;
	__fractsihq;
	__satfractunsdiuha;
	__fractqiusq;
	__satfractunssiuha;
	__satfractunsdiuhq;
	__fractuqqudq2;
	__bswapsi2;
	__satfractunssiuhq;
	__fracthauha;
	__subusa3;
	__neguha2;
	__mulha3;
	__addha3;
	__fracthauhq;
	__ashlda3;
	__fractunsudqqi;
	__satfractdasa2;
	__satfracthquda;
	__usaddudq3;
	__fractuhqusq2;
	__muluhq3;
	__satfracthqudq;
	__satfracthqdq2;
	__ashrdq3;
	__satfractuhada;
	__fractudauhq;
	__usashlusq3;
	__subsq3;
	__fractunsdqqi;
	__fractdaqi;
	__satfractuhadq;
	__satfractudquqq2;
	__fractdqsq2;
	__fractusauhq;
	__fractdaqq;
	__fractunsudqsi;
	__sssubdq3;
	__satfracthaqq;
	__fractunsuqqqi;
	__ssashlsq3;
	__fractdiuda;
	__fractdasf;
	__fractsiuda;
	__fractsfda;
	__fractdiudq;
	__fractunsdqsi;
	__fractdasi;
	__fractdasq;
	__ussubusq3;
	__satfracthquha;
	__satfractuqqudq2;
	__fracthquqq;
	__fractsiudq;
	__fractsfdq;
	__fractunsqqqi;
	__satfracthquhq;
	__satfracthasq;
	__fractunsuqqsi;
	__satfracthauda;
	__fractuhaqi;
	__satfractuhaha;
	__usadduha3;
	__fractuhaqq;
	__satfracthaudq;
	__fracthqusa;
	__satfractuhahq;
	__ashlqq3;
	__satfractuhqusq2;
	__satfractqiuqq;
	__ashrha3;
	__satfractdida;
	__fracthqusq;
	__fracthqqi;
	__fractunsqqsi;
	__usnegusq2;
	__satfractdidq;
	__usdivusq3;
	__fractuhasa;
	__ssdivhq3;
	__sssubha3;
	__fractuhasf;
	__fractsiqq;
	__fractuhasi;
	__fractdiuha;
	__fractunsudadi;
	__fractuhasq;
	__fractudqusa;
	__satfractqiusa;
	__fractsiuha;
	__fractsfha;
	__fractdiuhq;
	__satfractunsdiuqq;
	__fractusqusa;
	__satfractqiusq;
	__fracthqsa;
	__fracthqsf;
	__fractsiuhq;
	__fractsfhq;
	__satfractunssiuqq;
	__fracthqsi;
	__fractsisa;
	__satfracthauha;
	__satfractqida;
	__fracthauqq;
	__fractunsdadi;
	__cmpuhq2;
	__fractsisq;
	__satfractunsdiusa;
	__satfracthauhq;
	__satfractqidq;
	__satfractunssiusa;
	__satfractunsdiusq;
	__satfractdiha;
	__satfractunssiusq;
	__fracthausa;
	__fractudauqq;
	__fractdfuda;
	__satfractdihq;
	__fracthausq;
	__fractusauqq;
	__fractsfuda;
	__fractdfudq;
	__satfractsqda;
	__fractunsudahi;
	__satfractdqsq2;
	__fractsfudq;
	__fractusquqq2;
	__fractunsuhqdi;
	__ssneghq2;
	__fractudausq;
	__satfractdiuda;
	__udivuhq3;
	__satfractqiha;
	__fractunsdahi;
	__ashlusq3;
	__fractusausq;
	__satfractsiuda;
	__satfractdiudq;
	__fracthadf;
	__satfractqihq;
	__fractunshqdi;
	__fracthadi;
	__fractunssida;
	__fractusqda;
	__fracthadq;
	__satfracthquqq;
	__satfractsiudq;
	__cmpda2;
	__fractusqdf;
	__lshrusq3;
	__fractusqdi;
	__satfractuhquda;
	__fractunssidq;
	__fractusqdq;
	__fractdfuha;
	__satfractuhaqq;
	__fractsfuha;
	__fractdfuhq;
	__satfractsqha;
	__satfracthqusa;
	__subusq3;
	__neguhq2;
	__fractsfuhq;
	__mulhq3;
	__addhq3;
	__satfracthqusq;
	__fractunsuhqhi;
	__ashldq3;
	__mulusa3;
	__satfractuhasa;
	__satfractdfda;
	__satfractdiuha;
	__fractdiuqq;
	__satfractuhasq;
	__satfractdfdq;
	__satfractusquqq2;
	__satfractsiuha;
	__fractsiuqq;
	__fractsfqq;
	__satfractdiuhq;
	__fractunshqhi;
	__fracthahi;
	__fractunssiha;
	__fractusqha;
	__fracthahq;
	__satfractsiuhq;
	__fractusqhi;
	__satfractuhquha;
	__fractunssihq;
	__fractusqhq;
	__fractdiusa;
	__satfracthauqq;
	__fractsiusa;
	__fractsfsa;
	__fractdiusq;
	__satfractunssida;
	__satfractuhaudq;
	__fractsiusq;
	__fractsfsq;
	__satfractunssidq;
	__fractuqquhq2;
	__satfractdiqq;
	__satfracthausa;
	__cmpqq2;
	__satfractdfuda;
	__fractunsudaqi;
	__satfracthausq;
	__satfractdfha;
	__satfractsfuda;
	__satfractdfudq;
	__ashlha3;
	__divda3;
	__satfractdfhq;
	__satfractsfudq;
	__satfractdisa;
	__usadduhq3;
	__fractusqudq2;
	__satfractdisq;
	__fractunsdaqi;
	__ashrhq3;
	__ssdivsa3;
	__fractunsudasi;
	__satfractqiqq;
	__fractunsqiuda;
	__satfractunssiha;
	__sssubhq3;
	__satfractusqda;
	__satfractuhauhq;
	__fractunsqiudq;
	__satfractunssihq;
	__satfractusqdq;
	__satfractqisa;
	__fractunsdasi;
	__satfractdfuha;
	__fractdfuqq;
	__cmpusa2;
	__satfractqisq;
	__satfractsfuha;
	__fractsfuqq;
	__satfractdfuhq;
	__adduda3;
	__fractunsuhqqi;
	__satfractuqquhq2;
	__satfractsfuhq;
	__fractuhausa2;
	__fractdfusa;
	__negda2;
	__fractsfusa;
	__fractdfusq;
	__satfractsqsa;
	__satfractdiuqq;
	__fractunshqqi;
	__fracthaqi;
	__fractsfusq;
	__fracthaqq;
	__satfractsiuqq;
	__fractunsuhqsi;
	__divqq3;
	__fractunsqiuha;
	__satfractusqudq2;
	__fractusqqi;
	__usmuluda3;
	__fractunssiqq;
	__satfractusqha;
	__fractusqqq;
	__fractudquhq2;
	__fractunsqiuhq;
	__ssnegsa2;
	__satfractusqhq;
	__satfractdiusa;
	__ffssi2;
	__udivusa3;
	__satfractsiusa;
	__satfractdiusq;
	__fracthasf;
	__fractunshqsi;
	__fracthasi;
	__fractunssisa;
	__fractusqsa;
	__fracthasq;
	__satfractsiusq;
	__fractusqsf;
	__fractusqsi;
	__satfractuhqusa;
	__fractunssisq;
	__fractusqsq;
	__cmpdq2;
	__satfractdfqq;
	__fractdida;
	__fractdidq;
	__emutls_get_address;
	__satfractuhausa2;
	__satfracthida;
	__negusa2;
	__adduqq3;
	__mulsa3;
	__addsa3;
	__satfracthidq;
	__satfractdfsa;
	__ssmulda3;
	__ssaddda3;
	__satfractsadq;
	__fractunsuhadi;
	__satfractdfsq;
	__negqq2;
	__mulusq3;
	__fracthasa2;
	__satfractuhauqq;
	__fractqquda;
	__satfractunssiqq;
	__satfractudquhq2;
	__fractqida;
	__fractqqudq;
	__fractqqdq2;
	__usmuluqq3;
	__fractqidq;
	__fractunshadi;
	__satfractdfuqq;
	__fractuhquda;
	__fractusada;
	__satfractunssisa;
	__fractusadf;
	__fractusadi;
	__satfractsfuqq;
	__fractdiha;
	__satfractuhausq;
	__fractusadq;
	__satfractunssisq;
	__cmpha2;
	__fractdihq;
	__satfracthiha;
	__fractsqda;
	__satfractdfusa;
	__fractsqdf;
	__fractsqdi;
	__satfracthihq;
	__satfractsfusa;
	__satfractdfusq;
	__satfractunshiuda;
	__satfractsahq;
	__fractunsuhahi;
	__satfractsfusq;
	__satfractunshiudq;
	__fractqquha;
	__fractunsqiuqq;
	__usaddusa3;
	__satfractusqqq;
	__ashlhq3;
	__divdq3;
	__usashluda3;
	__subda3;
	__fractqiha;
	__fractqquhq;
	__fractqihq;
	__ashrsa3;
	__fractunshahi;
	__ssmulqq3;
	__ssaddqq3;
	__fractuhquha;
	__fractusaha;
	__fractunsqiusa;
	__fractusahi;
	__ssashlda3;
	__satfractusqsa;
	__ssdivsq3;
	__sssubsa3;
	__fractusahq;
	__fractunsqiusq;
	__satfractusqsq;
	__fractuhaudq;
	__fractsqha;
	__ussubuda3;
	__fractsqhi;
	__satfractunshiuha;
	__satfractunshiuhq;
	__cmpusq2;
	__fractdfda;
	__addudq3;
	__fractdfdq;
	__divha3;
	__satfracthasa2;
	__usneguda2;
	__satfractqquda;
	__usdivuda3;
	__negdq2;
	__fractuhquqq2;
	__fractsada2;
	__fractusquhq2;
	__satfractqqudq;
	__satfractqqdq2;
	__usashluqq3;
	__subqq3;
	__fractuhauhq;
	__usmuludq3;
	__fractunsdiuda;
	__fractdqqq2;
	__satfractusada;
	__ssnegsq2;
	__fracthqsq2;
	__fractunssiuda;
	__fractunsdiudq;
	__fractdiqq;
	__fractsqqq2;
	__satfractusadq;
	__fractunssiudq;
	__udivusq3;
	__ssashlqq3;
	__fractdfha;
	__satfracthiqq;
	__fracthiuda;
	__satfractsaqq;
	__fractdfhq;
	__fractunsuhaqi;
	__fractdisa;
	__fracthiudq;
	__ussubuqq3;
	__adduha3;
	__fractdisq;
	__satfractqquha;
	__fractqquqq;
	__satfracthisa;
	__fractusauda2;
	__fractqiqq;
	__satfractqquhq;
	__satfracthisq;
	__fractunshaqi;
	__negha2;
	__satfractsasq;
	__negusq2;
	__fractunsuhasi;
	__mulsq3;
	__addsq3;
	__fractunsdiuha;
	__fractusaqi;
	__satfractuhquqq2;
	__satfractusaha;
	__fractqqusa;
	__fractusaqq;
	__ssmuldq3;
	__fractunssiuha;
	__fractunsdiuhq;
	__ssadddq3;
	__satfractusquhq2;
	__satfractdqda;
	__usmuluha3;
	__fractqisa;
	__satfractusahq;
	__fractqqusq;
	__usneguqq2;
	__usdivuqq3;
	__fractunssiuhq;
	__ashluda3;
	__fractsqqi;
	__fractqisq;
	__fractunshasi;
	__fracthiuha;
	__fractuhqusa;
	__fractusasa;
	__fractusasf;
	__lshruda3;
	__fractusasi;
	__fracthiuhq;
	__satfractunshiuqq;
	__fractusasq;
	__fractsqsa;
	__fractunsdida;
	__fractsqsf;
	__bswapdi2;
	__fractudqda;
	__fractsqsi;
	__satfractqqda;
	__fractudqdf;
	__subuda3;
	__fractudqdi;
	__cmphq2;
	__fractunsdidq;
	__satfractunshiusa;
	__fractudqdq;
	__fractuqqusq2;
	__satfractunshiusq;
	__satfractusauda2;
	__satfractdqha;
	__satfractsada2;
	__fractuhqudq2;
	__fractuhauqq;
	__ashlsa3;
	__fractudauha2;
	__ssmulha3;
	__ssaddha3;
	__fractdquda;
	__usaddusq3;
	__usashludq3;
	__satfractdqqq2;
	__subdq3;
	__fractunsqida;
	__satfracthqsq2;
	__fractuqqda;
	__fractsquda;
	__fractdqudq;
	__fractuqqdf;
	__fractuqqdi;
	__satfractsqqq2;
	__ashrsq3;
	__fractunsqidq;
	__fractuqqdq;
	__fractsqudq;
	__fractsqdq2;
	__fractqqhq2;
	__fractunsusqdi;
	__fractdfqq;
	__fractuhausq;
	__ssashldq3;
	__satfracthiuda;
	__fractunsdiha;
	__ashluqq3;
	__sssubsq3;
	__fractudqha;
	__satfractqqha;
	__fractudqhi;
	__satfracthiudq;
	__fractunsdihq;
	__fracthida;
	__fractudqhq;
	__lshruqq3;
	__ussubudq3;
	__fracthidq;
	__satfractqquqq;
	__fractsadf;
	__fractdfsa;
	__fractunssqdi;
	__fractsadi;
	__satfractunsdida;
	__satfractuqquda;
	__fractsadq;
	__fractdfsq;
	__satfractunsdidq;
	__satfractuqqusq2;
	__fractdquha;
	__fractunsdiuqq;
	__subuqq3;
	__satfractqqusa;
	__satfractusaqq;
	__fractunsqiha;
	__fractuqqha;
	__fractsquha;
	__fractdquhq;
	__fractunssiuqq;
	__satfractuhqudq2;
	__fractdauda;
	__fractuqqhi;
	__satfractqqusq;
	__fractunsqihq;
	__satfractudauha2;
	__fractuqqhq;
	__divhq3;
	__usashluha3;
	__subha3;
	__fractsquhq;
	__fractsauda;
	__fractdaudq;
} GCC_4.2.0;
GCC_3.5 {
  global:
	__aeabi_d2ulz;
	__aeabi_dadd;
	__aeabi_f2d;
	_Unwind_VRS_Set;
	__aeabi_ul2d;
	__aeabi_ul2f;
	__aeabi_uidivmod;
	__aeabi_uidiv;
	__aeabi_idivmod;
	__aeabi_f2uiz;
	__aeabi_lcmp;
	__aeabi_ui2d;
	__aeabi_ui2f;
	__aeabi_fsub;
	__aeabi_f2ulz;
	_Unwind_VRS_Pop;
	__aeabi_lmul;
	__aeabi_dcmpeq;
	__aeabi_drsub;
	__aeabi_dcmpge;
	__aeabi_dcmpgt;
	__aeabi_uwrite4;
	__aeabi_uwrite8;
	__aeabi_dcmple;
	__aeabi_dcmplt;
	__aeabi_fmul;
	__aeabi_cdcmpeq;
	__aeabi_d2f;
	_Unwind_VRS_Get;
	__aeabi_dcmpun;
	__aeabi_cdcmple;
	__aeabi_frsub;
	__aeabi_unwind_cpp_pr0;
	__aeabi_unwind_cpp_pr1;
	__aeabi_unwind_cpp_pr2;
	__aeabi_idiv;
	__aeabi_fcmpeq;
	__aeabi_uldivmod;
	__aeabi_cfrcmple;
	__aeabi_fcmpge;
	__aeabi_fcmpgt;
	__aeabi_fneg;
	__aeabi_f2iz;
	__aeabi_fcmple;
	__aeabi_dsub;
	__aeabi_fcmplt;
	__aeabi_fdiv;
	__aeabi_f2lz;
	__aeabi_fadd;
	__aeabi_lasr;
	__aeabi_cfcmpeq;
	__aeabi_uread4;
	__aeabi_uread8;
	__aeabi_fcmpun;
	__aeabi_cfcmple;
	__aeabi_cdrcmple;
	__aeabi_ldiv0;
	__aeabi_ulcmp;
	__aeabi_dmul;
	__gnu_unwind_frame;
	__aeabi_ldivmod;
	__aeabi_l2d;
	__aeabi_l2f;
	__aeabi_dneg;
	__aeabi_i2d;
	__aeabi_i2f;
	__aeabi_llsl;
	__aeabi_llsr;
	__aeabi_d2iz;
	__aeabi_idiv0;
	__aeabi_ddiv;
	__aeabi_d2uiz;
	__aeabi_d2lz;
	_Unwind_Complete;

  local:
	*;
};
